3                        3
2          [B]  ]C[      2
1 v                      1
0     [A]           [*D] 0
