3     [A]                3
2               ]C[      2
1          ]B[           1
0      *            [*D] 0
